can create an extra secret with proper values:
  1: |
    BAZ: Zm9v
    FOO: YmFy
populates the custom secret values properly:
  1: |
    BAZ: Zm9v
    FOO: YmFy
